// Jest Snapshot v1, https://goo.gl/fbAQLP

exports[`Pruebas en AddCategory debe mostrarse correctaente 1`] = `
<form
  onSubmit={[Function]}
>
  <input
    onChange={[Function]}
    placeholder="Escribe aqui..."
    type="text"
    value=""
  />
</form>
`;
