// Jest Snapshot v1, https://goo.gl/fbAQLP

exports[`Pruebas en GifGridItem debe mostrar el elemento correctamente 1`] = `
<div
  className="card animate__zoomIn animate__animated"
>
  <img
    alt="Dark"
    src="https://localhost/algo.jpg"
  />
  <p>
     
    Dark
     
  </p>
</div>
`;
